c:\codes\gitkraken\pewpew-custom-engine\bin-int\debug-windows-x86_64\sandbox\vc143.pdb
c:\codes\gitkraken\pewpew-custom-engine\bin-int\debug-windows-x86_64\sandbox\vc143.idb
c:\codes\gitkraken\pewpew-custom-engine\bin-int\debug-windows-x86_64\sandbox\sandboxapp.obj
c:\codes\gitkraken\pewpew-custom-engine\bin-int\debug-windows-x86_64\sandbox\sandbox.ilk
c:\codes\gitkraken\pewpew-custom-engine\sandbox\..\bin\debug-windows-x86_64\sandbox\sandbox.pdb
c:\codes\gitkraken\pewpew-custom-engine\sandbox\..\bin-int\debug-windows-x86_64\sandbox\sandbox.vcxproj.filelistabsolute.txt
c:\codes\gitkraken\pewpew-custom-engine\bin-int\debug-windows-x86_64\sandbox\sandbox.tlog\cl.command.1.tlog
c:\codes\gitkraken\pewpew-custom-engine\bin-int\debug-windows-x86_64\sandbox\sandbox.tlog\cl.items.tlog
c:\codes\gitkraken\pewpew-custom-engine\bin-int\debug-windows-x86_64\sandbox\sandbox.tlog\cl.read.1.tlog
c:\codes\gitkraken\pewpew-custom-engine\bin-int\debug-windows-x86_64\sandbox\sandbox.tlog\cl.write.1.tlog
c:\codes\gitkraken\pewpew-custom-engine\bin-int\debug-windows-x86_64\sandbox\sandbox.tlog\link.10080-cvtres.read.1.tlog
c:\codes\gitkraken\pewpew-custom-engine\bin-int\debug-windows-x86_64\sandbox\sandbox.tlog\link.10080-cvtres.write.1.tlog
c:\codes\gitkraken\pewpew-custom-engine\bin-int\debug-windows-x86_64\sandbox\sandbox.tlog\link.10080-rc.read.1.tlog
c:\codes\gitkraken\pewpew-custom-engine\bin-int\debug-windows-x86_64\sandbox\sandbox.tlog\link.10080-rc.write.1.tlog
c:\codes\gitkraken\pewpew-custom-engine\bin-int\debug-windows-x86_64\sandbox\sandbox.tlog\link.10080.read.1.tlog
c:\codes\gitkraken\pewpew-custom-engine\bin-int\debug-windows-x86_64\sandbox\sandbox.tlog\link.10080.read.2.tlog
c:\codes\gitkraken\pewpew-custom-engine\bin-int\debug-windows-x86_64\sandbox\sandbox.tlog\link.10080.read.3.tlog
c:\codes\gitkraken\pewpew-custom-engine\bin-int\debug-windows-x86_64\sandbox\sandbox.tlog\link.10080.read.4.tlog
c:\codes\gitkraken\pewpew-custom-engine\bin-int\debug-windows-x86_64\sandbox\sandbox.tlog\link.10080.write.1.tlog
c:\codes\gitkraken\pewpew-custom-engine\bin-int\debug-windows-x86_64\sandbox\sandbox.tlog\link.command.1.tlog
c:\codes\gitkraken\pewpew-custom-engine\bin-int\debug-windows-x86_64\sandbox\sandbox.tlog\link.read.1.tlog
c:\codes\gitkraken\pewpew-custom-engine\bin-int\debug-windows-x86_64\sandbox\sandbox.tlog\link.secondary.1.tlog
c:\codes\gitkraken\pewpew-custom-engine\bin-int\debug-windows-x86_64\sandbox\sandbox.tlog\link.write.1.tlog
