c:\codes\gitkraken\pewpew-custom-engine\bin\debug-windows-x86_64\pewpew\pewpew.pdb
c:\codes\gitkraken\pewpew-custom-engine\bin\debug-windows-x86_64\pewpew\pewpew.idb
c:\codes\gitkraken\pewpew-custom-engine\bin-int\debug-windows-x86_64\pewpew\windowswindow.obj
c:\codes\gitkraken\pewpew-custom-engine\bin-int\debug-windows-x86_64\pewpew\pewpew.pch
c:\codes\gitkraken\pewpew-custom-engine\bin-int\debug-windows-x86_64\pewpew\pewpch.obj
c:\codes\gitkraken\pewpew-custom-engine\bin-int\debug-windows-x86_64\pewpew\windowsinput.obj
c:\codes\gitkraken\pewpew-custom-engine\bin-int\debug-windows-x86_64\pewpew\log.obj
c:\codes\gitkraken\pewpew-custom-engine\bin-int\debug-windows-x86_64\pewpew\layerstack.obj
c:\codes\gitkraken\pewpew-custom-engine\bin-int\debug-windows-x86_64\pewpew\layer.obj
c:\codes\gitkraken\pewpew-custom-engine\bin-int\debug-windows-x86_64\pewpew\imguilayer.obj
c:\codes\gitkraken\pewpew-custom-engine\bin-int\debug-windows-x86_64\pewpew\application.obj
c:\codes\gitkraken\pewpew-custom-engine\bin-int\debug-windows-x86_64\pewpew\imguibuild.obj
c:\codes\gitkraken\pewpew-custom-engine\bin-int\debug-windows-x86_64\pewpew\openglcontext.obj
c:\codes\gitkraken\pewpew-custom-engine\bin\debug-windows-x86_64\pewpew\pewpew.lib
c:\codes\gitkraken\pewpew-custom-engine\bin-int\debug-windows-x86_64\pewpew\imguiopenglrenderer.obj
c:\codes\gitkraken\pewpew-custom-engine\pewpew\..\bin\debug-windows-x86_64\pewpew\pewpew.pdb
c:\codes\gitkraken\pewpew-custom-engine\pewpew\..\bin-int\debug-windows-x86_64\pewpew\pewpew.vcxproj.filelistabsolute.txt
c:\codes\gitkraken\pewpew-custom-engine\bin-int\debug-windows-x86_64\pewpew\pewpew.tlog\cl.command.1.tlog
c:\codes\gitkraken\pewpew-custom-engine\bin-int\debug-windows-x86_64\pewpew\pewpew.tlog\cl.items.tlog
c:\codes\gitkraken\pewpew-custom-engine\bin-int\debug-windows-x86_64\pewpew\pewpew.tlog\cl.read.1.tlog
c:\codes\gitkraken\pewpew-custom-engine\bin-int\debug-windows-x86_64\pewpew\pewpew.tlog\cl.write.1.tlog
c:\codes\gitkraken\pewpew-custom-engine\bin-int\debug-windows-x86_64\pewpew\pewpew.tlog\lib-link.read.1.tlog
c:\codes\gitkraken\pewpew-custom-engine\bin-int\debug-windows-x86_64\pewpew\pewpew.tlog\lib-link.write.1.tlog
c:\codes\gitkraken\pewpew-custom-engine\bin-int\debug-windows-x86_64\pewpew\pewpew.tlog\lib.command.1.tlog
